// Jest Snapshot v1, https://goo.gl/fbAQLP

exports[`CarReservationForm component renders correctly 1`] = `
Array [
  " ",
  <div
    className="reservation-page"
  >
    <button
      aria-label="back to profile"
      className="MuiButtonBase-root MuiIconButton-root MuiIconButton-sizeMedium css-1qyg5uq-MuiButtonBase-root-MuiIconButton-root"
      disabled={false}
      onBlur={[Function]}
      onClick={[Function]}
      onContextMenu={[Function]}
      onDragLeave={[Function]}
      onFocus={[Function]}
      onKeyDown={[Function]}
      onKeyUp={[Function]}
      onMouseDown={[Function]}
      onMouseLeave={[Function]}
      onMouseUp={[Function]}
      onTouchEnd={[Function]}
      onTouchMove={[Function]}
      onTouchStart={[Function]}
      tabIndex={0}
      type="button"
    >
      <svg
        aria-hidden={true}
        className="MuiSvgIcon-root MuiSvgIcon-fontSizeMedium css-i4bv87-MuiSvgIcon-root"
        data-testid="ArrowBackIcon"
        focusable="false"
        viewBox="0 0 24 24"
      >
        <path
          d="M20 11H7.83l5.59-5.59L12 4l-8 8 8 8 1.41-1.41L7.83 13H20z"
        />
      </svg>
    </button>
    <style>
      
        .MuiDrawer-root.MuiDrawer-docked.css-q56gz0-MuiDrawer-docked {
          display: none;
        }
        main {
          background-image: linear-gradient(#96bf01ad, #a3cb14bc), url(https://www.travelperk.com/wp-content/uploads/car-rental-companies-1-scaled.jpg);
          background-size: cover;
        }
      
    </style>
    <div
      className="form-container"
    >
      <form
        className="reservation-form"
        onSubmit={[Function]}
      >
        <div
          className="input-container"
        >
          <label>
            Reserved Date:
            <input
              className="input-field"
              onChange={[Function]}
              required={true}
              type="date"
              value=""
            />
          </label>
          <label>
            Start Time:
            <input
              className="input-field"
              onChange={[Function]}
              required={true}
              type="datetime-local"
              value=""
            />
          </label>
          <label>
            End Time:
            <input
              className="input-field"
              onChange={[Function]}
              required={true}
              type="datetime-local"
              value=""
            />
          </label>
          <label>
            Start Location:
            <input
              className="input-field"
              onChange={[Function]}
              required={true}
              type="text"
              value=""
            />
          </label>
          <label>
            Destination:
            <input
              className="input-field"
              onChange={[Function]}
              required={true}
              type="text"
              value=""
            />
          </label>
          <label>
            Total Cost:
            <input
              className="input-field"
              onChange={[Function]}
              required={true}
              type="number"
              value=""
            />
          </label>
        </div>
        <div
          className="button-container"
        >
          <button
            className="form-button"
            onClick={[Function]}
            type="button"
          >
            Find Available Cars
          </button>
          <button
            className="form-button"
            type="submit"
          >
            Submit
          </button>
        </div>
      </form>
    </div>
  </div>,
]
`;
