// Jest Snapshot v1, https://goo.gl/fbAQLP

exports[`Profile component renders correctly 1`] = `
Array [
  " ",
  <div
    className="css-1nttawi"
  >
    <h4
      className="MuiTypography-root MuiTypography-h4 MuiTypography-gutterBottom css-1vw6mcs-MuiTypography-root"
    >
      <h3
        className="heading"
      >
         List of Cars 
      </h3>
    </h4>
  </div>,
]
`;
